// Jest Snapshot v1, https://goo.gl/fbAQLP

exports[`should render OfferBlok correct 1`] = `
<div
  className="content-container__offer-wrapper"
>
  <div>
    <img
      alt="estate"
      height="180px"
      src="https://t-ec.bstatic.com/images/hotel/max1024x768/137/137238081.jpg"
    />
  </div>
  <div
    style={
      Object {
        "height": "180px",
        "marginLeft": "5px",
        "position": "relative",
      }
    }
  >
    <div
      className="test"
    >
      <h3
        className="title__offer"
      >
         
        ЛОЗЕНЕЦ
         
      </h3>
      <h3
        className="title__offer"
      >
         
        ЧЕТЕРИСТАЕН
         
      </h3>
    </div>
    <div
      className="offer-info-line"
    >
      Адрес: 
      UPDATE_0001
       - етаж: 
      6
    </div>
    <div
      className="offer-info-line"
    >
      Площ: 
      40
      кв.
    </div>
    <div>
      Цена: 
      400
       евро
    </div>
    <div
      className="button__offer-details-position"
    >
      <Link
        to="/edit-offer/5bbcb3cc2a05d4701402868b"
      >
        <button
          className="button__offer-details"
        >
          Виж Детайли
        </button>
      </Link>
    </div>
  </div>
</div>
`;
